// Vitest Snapshot v1, https://vitest.dev/guide/snapshot.html

exports[`Product page > fetch and render all cats 1`] = `""`;
